Analysis & Synthesis report for leveler
Sun Feb 21 21:26:30 2021
Quartus Prime Version 20.1.0 Build 711 06/05/2020 SJ Lite Edition


---------------------
; Table of Contents ;
---------------------
  1. Legal Notice
  2. Analysis & Synthesis Summary
  3. Analysis & Synthesis Settings
  4. Parallel Compilation
  5. Analysis & Synthesis Source Files Read
  6. Analysis & Synthesis Resource Usage Summary
  7. Analysis & Synthesis Resource Utilization by Entity
  8. State Machine - |top_level|accel_driver:U_ACCEL_DRIVER|STATE
  9. Registers Removed During Synthesis
 10. Removed Registers Triggering Further Register Optimizations
 11. General Register Statistics
 12. Inverted Register Statistics
 13. Multiplexer Restructuring Statistics (Restructuring Performed)
 14. Parameter Settings for User Entity Instance: spi_master:U_SPI_MASTER|clock_div:U_CLOCK_DIV
 15. Port Connectivity Checks: "accel_driver:U_ACCEL_DRIVER"
 16. Port Connectivity Checks: "spi_master:U_SPI_MASTER"
 17. Post-Synthesis Netlist Statistics for Top Partition
 18. Elapsed Time Per Partition
 19. Analysis & Synthesis Messages



----------------
; Legal Notice ;
----------------
Copyright (C) 2020  Intel Corporation. All rights reserved.
Your use of Intel Corporation's design tools, logic functions 
and other software and tools, and any partner logic 
functions, and any output files from any of the foregoing 
(including device programming or simulation files), and any 
associated documentation or information are expressly subject 
to the terms and conditions of the Intel Program License 
Subscription Agreement, the Intel Quartus Prime License Agreement,
the Intel FPGA IP License Agreement, or other applicable license
agreement, including, without limitation, that your use is for
the sole purpose of programming logic devices manufactured by
Intel and sold by Intel or its authorized distributors.  Please
refer to the applicable agreement for further details, at
https://fpgasoftware.intel.com/eula.



+----------------------------------------------------------------------------------+
; Analysis & Synthesis Summary                                                     ;
+------------------------------------+---------------------------------------------+
; Analysis & Synthesis Status        ; Successful - Sun Feb 21 21:26:29 2021       ;
; Quartus Prime Version              ; 20.1.0 Build 711 06/05/2020 SJ Lite Edition ;
; Revision Name                      ; leveler                                     ;
; Top-level Entity Name              ; top_level                                   ;
; Family                             ; MAX 10                                      ;
; Total logic elements               ; 626                                         ;
;     Total combinational functions  ; 557                                         ;
;     Dedicated logic registers      ; 236                                         ;
; Total registers                    ; 236                                         ;
; Total pins                         ; 66                                          ;
; Total virtual pins                 ; 0                                           ;
; Total memory bits                  ; 0                                           ;
; Embedded Multiplier 9-bit elements ; 0                                           ;
; Total PLLs                         ; 0                                           ;
; UFM blocks                         ; 0                                           ;
; ADC blocks                         ; 0                                           ;
+------------------------------------+---------------------------------------------+


+------------------------------------------------------------------------------------------------------------+
; Analysis & Synthesis Settings                                                                              ;
+------------------------------------------------------------------+--------------------+--------------------+
; Option                                                           ; Setting            ; Default Value      ;
+------------------------------------------------------------------+--------------------+--------------------+
; Device                                                           ; 10M50DAF484C7G     ;                    ;
; Top-level entity name                                            ; top_level          ; leveler            ;
; Family name                                                      ; MAX 10 FPGA        ; Cyclone V          ;
; Use smart compilation                                            ; Off                ; Off                ;
; Enable parallel Assembler and Timing Analyzer during compilation ; On                 ; On                 ;
; Enable compact report table                                      ; Off                ; Off                ;
; Restructure Multiplexers                                         ; Auto               ; Auto               ;
; Create Debugging Nodes for IP Cores                              ; Off                ; Off                ;
; Preserve fewer node names                                        ; On                 ; On                 ;
; Intel FPGA IP Evaluation Mode                                    ; Enable             ; Enable             ;
; Verilog Version                                                  ; Verilog_2001       ; Verilog_2001       ;
; VHDL Version                                                     ; VHDL_1993          ; VHDL_1993          ;
; State Machine Processing                                         ; Auto               ; Auto               ;
; Safe State Machine                                               ; Off                ; Off                ;
; Extract Verilog State Machines                                   ; On                 ; On                 ;
; Extract VHDL State Machines                                      ; On                 ; On                 ;
; Ignore Verilog initial constructs                                ; Off                ; Off                ;
; Iteration limit for constant Verilog loops                       ; 5000               ; 5000               ;
; Iteration limit for non-constant Verilog loops                   ; 250                ; 250                ;
; Add Pass-Through Logic to Inferred RAMs                          ; On                 ; On                 ;
; Infer RAMs from Raw Logic                                        ; On                 ; On                 ;
; Parallel Synthesis                                               ; On                 ; On                 ;
; DSP Block Balancing                                              ; Auto               ; Auto               ;
; NOT Gate Push-Back                                               ; On                 ; On                 ;
; Power-Up Don't Care                                              ; On                 ; On                 ;
; Remove Redundant Logic Cells                                     ; Off                ; Off                ;
; Remove Duplicate Registers                                       ; On                 ; On                 ;
; Ignore CARRY Buffers                                             ; Off                ; Off                ;
; Ignore CASCADE Buffers                                           ; Off                ; Off                ;
; Ignore GLOBAL Buffers                                            ; Off                ; Off                ;
; Ignore ROW GLOBAL Buffers                                        ; Off                ; Off                ;
; Ignore LCELL Buffers                                             ; Off                ; Off                ;
; Ignore SOFT Buffers                                              ; On                 ; On                 ;
; Limit AHDL Integers to 32 Bits                                   ; Off                ; Off                ;
; Optimization Technique                                           ; Balanced           ; Balanced           ;
; Carry Chain Length                                               ; 70                 ; 70                 ;
; Auto Carry Chains                                                ; On                 ; On                 ;
; Auto Open-Drain Pins                                             ; On                 ; On                 ;
; Perform WYSIWYG Primitive Resynthesis                            ; Off                ; Off                ;
; Auto ROM Replacement                                             ; On                 ; On                 ;
; Auto RAM Replacement                                             ; On                 ; On                 ;
; Auto DSP Block Replacement                                       ; On                 ; On                 ;
; Auto Shift Register Replacement                                  ; Auto               ; Auto               ;
; Allow Shift Register Merging across Hierarchies                  ; Auto               ; Auto               ;
; Auto Clock Enable Replacement                                    ; On                 ; On                 ;
; Strict RAM Replacement                                           ; Off                ; Off                ;
; Allow Synchronous Control Signals                                ; On                 ; On                 ;
; Force Use of Synchronous Clear Signals                           ; Off                ; Off                ;
; Auto RAM Block Balancing                                         ; On                 ; On                 ;
; Auto RAM to Logic Cell Conversion                                ; Off                ; Off                ;
; Auto Resource Sharing                                            ; Off                ; Off                ;
; Allow Any RAM Size For Recognition                               ; Off                ; Off                ;
; Allow Any ROM Size For Recognition                               ; Off                ; Off                ;
; Allow Any Shift Register Size For Recognition                    ; Off                ; Off                ;
; Use LogicLock Constraints during Resource Balancing              ; On                 ; On                 ;
; Ignore translate_off and synthesis_off directives                ; Off                ; Off                ;
; Timing-Driven Synthesis                                          ; On                 ; On                 ;
; Report Parameter Settings                                        ; On                 ; On                 ;
; Report Source Assignments                                        ; On                 ; On                 ;
; Report Connectivity Checks                                       ; On                 ; On                 ;
; Ignore Maximum Fan-Out Assignments                               ; Off                ; Off                ;
; Synchronization Register Chain Length                            ; 2                  ; 2                  ;
; Power Optimization During Synthesis                              ; Normal compilation ; Normal compilation ;
; HDL message level                                                ; Level2             ; Level2             ;
; Suppress Register Optimization Related Messages                  ; Off                ; Off                ;
; Number of Removed Registers Reported in Synthesis Report         ; 5000               ; 5000               ;
; Number of Swept Nodes Reported in Synthesis Report               ; 5000               ; 5000               ;
; Number of Inverted Registers Reported in Synthesis Report        ; 100                ; 100                ;
; Clock MUX Protection                                             ; On                 ; On                 ;
; Auto Gated Clock Conversion                                      ; Off                ; Off                ;
; Block Design Naming                                              ; Auto               ; Auto               ;
; SDC constraint protection                                        ; Off                ; Off                ;
; Synthesis Effort                                                 ; Auto               ; Auto               ;
; Shift Register Replacement - Allow Asynchronous Clear Signal     ; On                 ; On                 ;
; Pre-Mapping Resynthesis Optimization                             ; Off                ; Off                ;
; Analysis & Synthesis Message Level                               ; Medium             ; Medium             ;
; Disable Register Merging Across Hierarchies                      ; Auto               ; Auto               ;
; Resource Aware Inference For Block RAM                           ; On                 ; On                 ;
+------------------------------------------------------------------+--------------------+--------------------+


+------------------------------------------+
; Parallel Compilation                     ;
+----------------------------+-------------+
; Processors                 ; Number      ;
+----------------------------+-------------+
; Number detected on machine ; 8           ;
; Maximum allowed            ; 4           ;
;                            ;             ;
; Average used               ; 1.00        ;
; Maximum used               ; 4           ;
;                            ;             ;
; Usage by Processor         ; % Time Used ;
;     Processor 1            ; 100.0%      ;
;     Processor 2            ;   0.0%      ;
;     Processors 3-4         ;   0.0%      ;
+----------------------------+-------------+


+-------------------------------------------------------------------------------------------------------------------------------------------------------------------------------------------------------------+
; Analysis & Synthesis Source Files Read                                                                                                                                                                      ;
+----------------------------------+-----------------+-----------------+----------------------------------------------------------------------------------------------------------------------------+---------+
; File Name with User-Entered Path ; Used in Netlist ; File Type       ; File Name with Absolute Path                                                                                               ; Library ;
+----------------------------------+-----------------+-----------------+----------------------------------------------------------------------------------------------------------------------------+---------+
; top_level.vhd                    ; yes             ; User VHDL File  ; C:/Users/dahom/Desktop/ABO/Study/S5/[DSD] Digital System Design/The Project/Project Code/Try_2_fromGithub/top_level.vhd    ;         ;
; spi_master.vhd                   ; yes             ; User VHDL File  ; C:/Users/dahom/Desktop/ABO/Study/S5/[DSD] Digital System Design/The Project/Project Code/Try_2_fromGithub/spi_master.vhd   ;         ;
; decoder7seg.vhd                  ; yes             ; User VHDL File  ; C:/Users/dahom/Desktop/ABO/Study/S5/[DSD] Digital System Design/The Project/Project Code/Try_2_fromGithub/decoder7seg.vhd  ;         ;
; clock_div.vhd                    ; yes             ; User VHDL File  ; C:/Users/dahom/Desktop/ABO/Study/S5/[DSD] Digital System Design/The Project/Project Code/Try_2_fromGithub/clock_div.vhd    ;         ;
; accel_driver.vhd                 ; yes             ; User VHDL File  ; C:/Users/dahom/Desktop/ABO/Study/S5/[DSD] Digital System Design/The Project/Project Code/Try_2_fromGithub/accel_driver.vhd ;         ;
+----------------------------------+-----------------+-----------------+----------------------------------------------------------------------------------------------------------------------------+---------+


+--------------------------------------------------------------+
; Analysis & Synthesis Resource Usage Summary                  ;
+---------------------------------------------+----------------+
; Resource                                    ; Usage          ;
+---------------------------------------------+----------------+
; Estimated Total logic elements              ; 626            ;
;                                             ;                ;
; Total combinational functions               ; 557            ;
; Logic element usage by number of LUT inputs ;                ;
;     -- 4 input functions                    ; 246            ;
;     -- 3 input functions                    ; 125            ;
;     -- <=2 input functions                  ; 186            ;
;                                             ;                ;
; Logic elements by mode                      ;                ;
;     -- normal mode                          ; 397            ;
;     -- arithmetic mode                      ; 160            ;
;                                             ;                ;
; Total registers                             ; 236            ;
;     -- Dedicated logic registers            ; 236            ;
;     -- I/O registers                        ; 0              ;
;                                             ;                ;
; I/O pins                                    ; 66             ;
;                                             ;                ;
; Embedded Multiplier 9-bit elements          ; 0              ;
;                                             ;                ;
; Maximum fan-out node                        ; clk50MHz~input ;
; Maximum fan-out                             ; 236            ;
; Total fan-out                               ; 2732           ;
; Average fan-out                             ; 2.95           ;
+---------------------------------------------+----------------+


+--------------------------------------------------------------------------------------------------------------------------------------------------------------------------------------------------------------------------------------------------------------------------------+
; Analysis & Synthesis Resource Utilization by Entity                                                                                                                                                                                                                            ;
+----------------------------------+---------------------+---------------------------+-------------+------------+--------------+---------+-----------+------+--------------+------------+----------------------------------------------------------+--------------+--------------+
; Compilation Hierarchy Node       ; Combinational ALUTs ; Dedicated Logic Registers ; Memory Bits ; UFM Blocks ; DSP Elements ; DSP 9x9 ; DSP 18x18 ; Pins ; Virtual Pins ; ADC blocks ; Full Hierarchy Name                                      ; Entity Name  ; Library Name ;
+----------------------------------+---------------------+---------------------------+-------------+------------+--------------+---------+-----------+------+--------------+------------+----------------------------------------------------------+--------------+--------------+
; |top_level                       ; 557 (0)             ; 236 (2)                   ; 0           ; 0          ; 0            ; 0       ; 0         ; 66   ; 0            ; 0          ; |top_level                                               ; top_level    ; work         ;
;    |accel_driver:U_ACCEL_DRIVER| ; 447 (447)           ; 180 (180)                 ; 0           ; 0          ; 0            ; 0       ; 0         ; 0    ; 0            ; 0          ; |top_level|accel_driver:U_ACCEL_DRIVER                   ; accel_driver ; work         ;
;    |decoder7seg:U_LED0|          ; 7 (7)               ; 0 (0)                     ; 0           ; 0          ; 0            ; 0       ; 0         ; 0    ; 0            ; 0          ; |top_level|decoder7seg:U_LED0                            ; decoder7seg  ; work         ;
;    |decoder7seg:U_LED1|          ; 7 (7)               ; 0 (0)                     ; 0           ; 0          ; 0            ; 0       ; 0         ; 0    ; 0            ; 0          ; |top_level|decoder7seg:U_LED1                            ; decoder7seg  ; work         ;
;    |decoder7seg:U_LED2|          ; 7 (7)               ; 0 (0)                     ; 0           ; 0          ; 0            ; 0       ; 0         ; 0    ; 0            ; 0          ; |top_level|decoder7seg:U_LED2                            ; decoder7seg  ; work         ;
;    |decoder7seg:U_LED3|          ; 7 (7)               ; 0 (0)                     ; 0           ; 0          ; 0            ; 0       ; 0         ; 0    ; 0            ; 0          ; |top_level|decoder7seg:U_LED3                            ; decoder7seg  ; work         ;
;    |decoder7seg:U_LED4|          ; 7 (7)               ; 0 (0)                     ; 0           ; 0          ; 0            ; 0       ; 0         ; 0    ; 0            ; 0          ; |top_level|decoder7seg:U_LED4                            ; decoder7seg  ; work         ;
;    |decoder7seg:U_LED5|          ; 7 (7)               ; 0 (0)                     ; 0           ; 0          ; 0            ; 0       ; 0         ; 0    ; 0            ; 0          ; |top_level|decoder7seg:U_LED5                            ; decoder7seg  ; work         ;
;    |spi_master:U_SPI_MASTER|     ; 68 (39)             ; 54 (37)                   ; 0           ; 0          ; 0            ; 0       ; 0         ; 0    ; 0            ; 0          ; |top_level|spi_master:U_SPI_MASTER                       ; spi_master   ; work         ;
;       |clock_div:U_CLOCK_DIV|    ; 29 (29)             ; 17 (17)                   ; 0           ; 0          ; 0            ; 0       ; 0         ; 0    ; 0            ; 0          ; |top_level|spi_master:U_SPI_MASTER|clock_div:U_CLOCK_DIV ; clock_div    ; work         ;
+----------------------------------+---------------------+---------------------------+-------------+------------+--------------+---------+-----------+------+--------------+------------+----------------------------------------------------------+--------------+--------------+
Note: For table entries with two numbers listed, the numbers in parentheses indicate the number of resources of the given type used by the specific entity alone. The numbers listed outside of parentheses indicate the total resources of the given type used by the specific entity and all of its sub-entities in the hierarchy.


Encoding Type:  One-Hot
+-----------------------------------------------------------------------------------------------------------------------------------------------------------+
; State Machine - |top_level|accel_driver:U_ACCEL_DRIVER|STATE                                                                                              ;
+-------------------+----------------+-------------------+-------------------+--------------+---------------+----------------+--------------+---------------+
; Name              ; STATE.S_OUTPUT ; STATE.S_CALIBRATE ; STATE.S_READ_WAIT ; STATE.S_READ ; STATE.S_WRITE ; STATE.S_CONFIG ; STATE.S_IDLE ; STATE.S_START ;
+-------------------+----------------+-------------------+-------------------+--------------+---------------+----------------+--------------+---------------+
; STATE.S_START     ; 0              ; 0                 ; 0                 ; 0            ; 0             ; 0              ; 0            ; 0             ;
; STATE.S_IDLE      ; 0              ; 0                 ; 0                 ; 0            ; 0             ; 0              ; 1            ; 1             ;
; STATE.S_CONFIG    ; 0              ; 0                 ; 0                 ; 0            ; 0             ; 1              ; 0            ; 1             ;
; STATE.S_WRITE     ; 0              ; 0                 ; 0                 ; 0            ; 1             ; 0              ; 0            ; 1             ;
; STATE.S_READ      ; 0              ; 0                 ; 0                 ; 1            ; 0             ; 0              ; 0            ; 1             ;
; STATE.S_READ_WAIT ; 0              ; 0                 ; 1                 ; 0            ; 0             ; 0              ; 0            ; 1             ;
; STATE.S_CALIBRATE ; 0              ; 1                 ; 0                 ; 0            ; 0             ; 0              ; 0            ; 1             ;
; STATE.S_OUTPUT    ; 1              ; 0                 ; 0                 ; 0            ; 0             ; 0              ; 0            ; 1             ;
+-------------------+----------------+-------------------+-------------------+--------------+---------------+----------------+--------------+---------------+


+------------------------------------------------------------------------------------------------------------------+
; Registers Removed During Synthesis                                                                               ;
+-------------------------------------------------------------+----------------------------------------------------+
; Register name                                               ; Reason for Removal                                 ;
+-------------------------------------------------------------+----------------------------------------------------+
; accel_driver:U_ACCEL_DRIVER|bytes[3]                        ; Stuck at GND due to stuck port data_in             ;
; accel_driver:U_ACCEL_DRIVER|pha                             ; Stuck at VCC due to stuck port data_in             ;
; accel_driver:U_ACCEL_DRIVER|pol                             ; Stuck at VCC due to stuck port data_in             ;
; spi_master:U_SPI_MASTER|polarity                            ; Stuck at VCC due to stuck port data_in             ;
; accel_driver:U_ACCEL_DRIVER|bytes[2]                        ; Merged with accel_driver:U_ACCEL_DRIVER|bytes[0]   ;
; accel_driver:U_ACCEL_DRIVER|regAddr[3]                      ; Merged with accel_driver:U_ACCEL_DRIVER|regAddr[2] ;
; accel_driver:U_ACCEL_DRIVER|reg[3]                          ; Stuck at GND due to stuck port data_in             ;
; spi_master:U_SPI_MASTER|state                               ; Merged with spi_master:U_SPI_MASTER|enable         ;
; spi_master:U_SPI_MASTER|clock_div:U_CLOCK_DIV|byte_count[3] ; Stuck at GND due to stuck port data_in             ;
; spi_master:U_SPI_MASTER|clock_div:U_CLOCK_DIV|bit_count[3]  ; Stuck at GND due to stuck port data_in             ;
; Total Number of Removed Registers = 10                      ;                                                    ;
+-------------------------------------------------------------+----------------------------------------------------+


+---------------------------------------------------------------------------------------------------------------------------------+
; Removed Registers Triggering Further Register Optimizations                                                                     ;
+--------------------------------------+---------------------------+--------------------------------------------------------------+
; Register name                        ; Reason for Removal        ; Registers Removed due to This Register                       ;
+--------------------------------------+---------------------------+--------------------------------------------------------------+
; accel_driver:U_ACCEL_DRIVER|bytes[3] ; Stuck at GND              ; spi_master:U_SPI_MASTER|clock_div:U_CLOCK_DIV|byte_count[3], ;
;                                      ; due to stuck port data_in ; spi_master:U_SPI_MASTER|clock_div:U_CLOCK_DIV|bit_count[3]   ;
; accel_driver:U_ACCEL_DRIVER|pol      ; Stuck at VCC              ; spi_master:U_SPI_MASTER|polarity                             ;
;                                      ; due to stuck port data_in ;                                                              ;
+--------------------------------------+---------------------------+--------------------------------------------------------------+


+------------------------------------------------------+
; General Register Statistics                          ;
+----------------------------------------------+-------+
; Statistic                                    ; Value ;
+----------------------------------------------+-------+
; Total registers                              ; 236   ;
; Number of registers using Synchronous Clear  ; 7     ;
; Number of registers using Synchronous Load   ; 15    ;
; Number of registers using Asynchronous Clear ; 206   ;
; Number of registers using Asynchronous Load  ; 0     ;
; Number of registers using Clock Enable       ; 186   ;
; Number of registers using Preset             ; 0     ;
+----------------------------------------------+-------+


+----------------------------------------------------------------------+
; Inverted Register Statistics                                         ;
+------------------------------------------------------------+---------+
; Inverted Register                                          ; Fan out ;
+------------------------------------------------------------+---------+
; spi_master:U_SPI_MASTER|mosi                               ; 3       ;
; sclk_buffer                                                ; 2       ;
; spi_master:U_SPI_MASTER|cs                                 ; 7       ;
; spi_master:U_SPI_MASTER|bit[2]                             ; 5       ;
; spi_master:U_SPI_MASTER|bit[1]                             ; 6       ;
; spi_master:U_SPI_MASTER|bit[0]                             ; 8       ;
; spi_master:U_SPI_MASTER|clock_div:U_CLOCK_DIV|clock_signal ; 5       ;
; spi_master:U_SPI_MASTER|last_cs                            ; 3       ;
; spi_master:U_SPI_MASTER|rx_buffer[0]                       ; 2       ;
; spi_master:U_SPI_MASTER|rx_buffer[1]                       ; 2       ;
; spi_master:U_SPI_MASTER|rx_buffer[2]                       ; 2       ;
; spi_master:U_SPI_MASTER|rx_buffer[3]                       ; 2       ;
; spi_master:U_SPI_MASTER|rx_buffer[4]                       ; 2       ;
; spi_master:U_SPI_MASTER|rx_buffer[5]                       ; 2       ;
; spi_master:U_SPI_MASTER|rx_buffer[6]                       ; 2       ;
; spi_master:U_SPI_MASTER|rx_buffer[7]                       ; 1       ;
; Total number of inverted registers = 16                    ;         ;
+------------------------------------------------------------+---------+


+-----------------------------------------------------------------------------------------------------------------------------------------------------------------------+
; Multiplexer Restructuring Statistics (Restructuring Performed)                                                                                                        ;
+--------------------+-----------+---------------+----------------------+------------------------+------------+---------------------------------------------------------+
; Multiplexer Inputs ; Bus Width ; Baseline Area ; Area if Restructured ; Saving if Restructured ; Registered ; Example Multiplexer Output                              ;
+--------------------+-----------+---------------+----------------------+------------------------+------------+---------------------------------------------------------+
; 5:1                ; 2 bits    ; 6 LEs         ; 4 LEs                ; 2 LEs                  ; Yes        ; |top_level|accel_driver:U_ACCEL_DRIVER|txData[7]        ;
; 5:1                ; 3 bits    ; 9 LEs         ; 6 LEs                ; 3 LEs                  ; Yes        ; |top_level|accel_driver:U_ACCEL_DRIVER|txData[1]        ;
; 7:1                ; 15 bits   ; 60 LEs        ; 30 LEs               ; 30 LEs                 ; Yes        ; |top_level|accel_driver:U_ACCEL_DRIVER|calibData[1][7]  ;
; 7:1                ; 15 bits   ; 60 LEs        ; 30 LEs               ; 30 LEs                 ; Yes        ; |top_level|accel_driver:U_ACCEL_DRIVER|calibData[0][7]  ;
; 9:1                ; 7 bits    ; 42 LEs        ; 21 LEs               ; 21 LEs                 ; Yes        ; |top_level|accel_driver:U_ACCEL_DRIVER|calibData[2][1]  ;
; 10:1               ; 3 bits    ; 18 LEs        ; 9 LEs                ; 9 LEs                  ; Yes        ; |top_level|accel_driver:U_ACCEL_DRIVER|calibData[2][5]  ;
; 13:1               ; 5 bits    ; 40 LEs        ; 15 LEs               ; 25 LEs                 ; Yes        ; |top_level|accel_driver:U_ACCEL_DRIVER|calibData[2][11] ;
; 9:1                ; 4 bits    ; 24 LEs        ; 8 LEs                ; 16 LEs                 ; Yes        ; |top_level|accel_driver:U_ACCEL_DRIVER|regData[1]       ;
; 12:1               ; 6 bits    ; 48 LEs        ; 36 LEs               ; 12 LEs                 ; Yes        ; |top_level|accel_driver:U_ACCEL_DRIVER|byteCount[0]     ;
; 3:1                ; 3 bits    ; 6 LEs         ; 6 LEs                ; 0 LEs                  ; No         ; |top_level|accel_driver:U_ACCEL_DRIVER|txData           ;
; 20:1               ; 6 bits    ; 78 LEs        ; 36 LEs               ; 42 LEs                 ; No         ; |top_level|accel_driver:U_ACCEL_DRIVER|Selector59       ;
; 20:1               ; 2 bits    ; 26 LEs        ; 4 LEs                ; 22 LEs                 ; No         ; |top_level|accel_driver:U_ACCEL_DRIVER|Selector58       ;
+--------------------+-----------+---------------+----------------------+------------------------+------------+---------------------------------------------------------+


+--------------------------------------------------------------------------------------------+
; Parameter Settings for User Entity Instance: spi_master:U_SPI_MASTER|clock_div:U_CLOCK_DIV ;
+----------------+----------+----------------------------------------------------------------+
; Parameter Name ; Value    ; Type                                                           ;
+----------------+----------+----------------------------------------------------------------+
; clk_in_freq    ; 50000000 ; Signed Integer                                                 ;
; clk_out_freq   ; 5000000  ; Signed Integer                                                 ;
+----------------+----------+----------------------------------------------------------------+
Note: In order to hide this table in the UI and the text report file, please set the "Show Parameter Settings in Synthesis Report" option in "Analysis and Synthesis Settings -> More Settings" to "Off".


+------------------------------------------------------------------------------------------------------------------------------+
; Port Connectivity Checks: "accel_driver:U_ACCEL_DRIVER"                                                                      ;
+--------------------+--------+----------+-------------------------------------------------------------------------------------+
; Port               ; Type   ; Severity ; Details                                                                             ;
+--------------------+--------+----------+-------------------------------------------------------------------------------------+
; accel_data[47..40] ; Output ; Info     ; Connected to dangling logic. Logic that only feeds a dangling port will be removed. ;
; accel_data[31..24] ; Output ; Info     ; Connected to dangling logic. Logic that only feeds a dangling port will be removed. ;
; accel_data[15..8]  ; Output ; Info     ; Connected to dangling logic. Logic that only feeds a dangling port will be removed. ;
+--------------------+--------+----------+-------------------------------------------------------------------------------------+


+-----------------------------------------------------+
; Port Connectivity Checks: "spi_master:U_SPI_MASTER" ;
+------+-------+----------+---------------------------+
; Port ; Type  ; Severity ; Details                   ;
+------+-------+----------+---------------------------+
; int1 ; Input ; Info     ; Stuck at GND              ;
; int2 ; Input ; Info     ; Stuck at GND              ;
+------+-------+----------+---------------------------+


+-----------------------------------------------------+
; Post-Synthesis Netlist Statistics for Top Partition ;
+-----------------------+-----------------------------+
; Type                  ; Count                       ;
+-----------------------+-----------------------------+
; boundary_port         ; 66                          ;
; cycloneiii_ff         ; 236                         ;
;     CLR               ; 43                          ;
;     CLR SLD           ; 6                           ;
;     ENA               ; 29                          ;
;     ENA CLR           ; 145                         ;
;     ENA CLR SCLR      ; 3                           ;
;     ENA CLR SCLR SLD  ; 4                           ;
;     ENA CLR SLD       ; 5                           ;
;     plain             ; 1                           ;
; cycloneiii_lcell_comb ; 569                         ;
;     arith             ; 160                         ;
;         2 data inputs ; 114                         ;
;         3 data inputs ; 46                          ;
;     normal            ; 409                         ;
;         0 data inputs ; 1                           ;
;         1 data inputs ; 36                          ;
;         2 data inputs ; 47                          ;
;         3 data inputs ; 79                          ;
;         4 data inputs ; 246                         ;
;                       ;                             ;
; Max LUT depth         ; 6.00                        ;
; Average LUT depth     ; 3.35                        ;
+-----------------------+-----------------------------+


+-------------------------------+
; Elapsed Time Per Partition    ;
+----------------+--------------+
; Partition Name ; Elapsed Time ;
+----------------+--------------+
; Top            ; 00:00:01     ;
+----------------+--------------+


+-------------------------------+
; Analysis & Synthesis Messages ;
+-------------------------------+
Info: *******************************************************************
Info: Running Quartus Prime Analysis & Synthesis
    Info: Version 20.1.0 Build 711 06/05/2020 SJ Lite Edition
    Info: Processing started: Sun Feb 21 21:26:18 2021
Info: Command: quartus_map --read_settings_files=on --write_settings_files=off leveler -c leveler
Warning (18236): Number of processors has not been specified which may cause overloading on shared machines.  Set the global assignment NUM_PARALLEL_PROCESSORS in your QSF to an appropriate value for best performance.
Info (20030): Parallel compilation is enabled and will use 4 of the 4 processors detected
Info (12021): Found 2 design units, including 1 entities, in source file top_level.vhd
    Info (12022): Found design unit 1: top_level-STR File: C:/Users/dahom/Desktop/ABO/Study/S5/[DSD] Digital System Design/The Project/Project Code/Try_2_fromGithub/top_level.vhd Line: 56
    Info (12023): Found entity 1: top_level File: C:/Users/dahom/Desktop/ABO/Study/S5/[DSD] Digital System Design/The Project/Project Code/Try_2_fromGithub/top_level.vhd Line: 5
Info (12021): Found 3 design units, including 1 entities, in source file spi_master.vhd
    Info (12022): Found design unit 1: spi_master-FSM_1P File: C:/Users/dahom/Desktop/ABO/Study/S5/[DSD] Digital System Design/The Project/Project Code/Try_2_fromGithub/spi_master.vhd Line: 28
    Info (12022): Found design unit 2: spi_master-FSM_2P File: C:/Users/dahom/Desktop/ABO/Study/S5/[DSD] Digital System Design/The Project/Project Code/Try_2_fromGithub/spi_master.vhd Line: 233
    Info (12023): Found entity 1: spi_master File: C:/Users/dahom/Desktop/ABO/Study/S5/[DSD] Digital System Design/The Project/Project Code/Try_2_fromGithub/spi_master.vhd Line: 7
Info (12021): Found 2 design units, including 1 entities, in source file decoder7seg.vhd
    Info (12022): Found design unit 1: decoder7seg-BHV File: C:/Users/dahom/Desktop/ABO/Study/S5/[DSD] Digital System Design/The Project/Project Code/Try_2_fromGithub/decoder7seg.vhd Line: 11
    Info (12023): Found entity 1: decoder7seg File: C:/Users/dahom/Desktop/ABO/Study/S5/[DSD] Digital System Design/The Project/Project Code/Try_2_fromGithub/decoder7seg.vhd Line: 5
Info (12021): Found 2 design units, including 1 entities, in source file clock_div.vhd
    Info (12022): Found design unit 1: clock_div-bhv File: C:/Users/dahom/Desktop/ABO/Study/S5/[DSD] Digital System Design/The Project/Project Code/Try_2_fromGithub/clock_div.vhd Line: 21
    Info (12023): Found entity 1: clock_div File: C:/Users/dahom/Desktop/ABO/Study/S5/[DSD] Digital System Design/The Project/Project Code/Try_2_fromGithub/clock_div.vhd Line: 6
Info (12021): Found 3 design units, including 1 entities, in source file accel_driver.vhd
    Info (12022): Found design unit 1: accel_driver-fsm_1p File: C:/Users/dahom/Desktop/ABO/Study/S5/[DSD] Digital System Design/The Project/Project Code/Try_2_fromGithub/accel_driver.vhd Line: 33
    Info (12022): Found design unit 2: accel_driver-fsm_2p File: C:/Users/dahom/Desktop/ABO/Study/S5/[DSD] Digital System Design/The Project/Project Code/Try_2_fromGithub/accel_driver.vhd Line: 424
    Info (12023): Found entity 1: accel_driver File: C:/Users/dahom/Desktop/ABO/Study/S5/[DSD] Digital System Design/The Project/Project Code/Try_2_fromGithub/accel_driver.vhd Line: 8
Info (12021): Found 2 design units, including 1 entities, in source file top_level_tb.vhd
    Info (12022): Found design unit 1: top_level_tb-TB File: C:/Users/dahom/Desktop/ABO/Study/S5/[DSD] Digital System Design/The Project/Project Code/Try_2_fromGithub/top_level_tb.vhd Line: 9
    Info (12023): Found entity 1: top_level_tb File: C:/Users/dahom/Desktop/ABO/Study/S5/[DSD] Digital System Design/The Project/Project Code/Try_2_fromGithub/top_level_tb.vhd Line: 6
Info (12021): Found 2 design units, including 1 entities, in source file spi_master_tb.vhd
    Info (12022): Found design unit 1: spi_master_tb-TB File: C:/Users/dahom/Desktop/ABO/Study/S5/[DSD] Digital System Design/The Project/Project Code/Try_2_fromGithub/spi_master_tb.vhd Line: 10
    Info (12023): Found entity 1: spi_master_tb File: C:/Users/dahom/Desktop/ABO/Study/S5/[DSD] Digital System Design/The Project/Project Code/Try_2_fromGithub/spi_master_tb.vhd Line: 7
Info (12021): Found 2 design units, including 1 entities, in source file clock_div_tb.vhd
    Info (12022): Found design unit 1: clock_div_tb-TB File: C:/Users/dahom/Desktop/ABO/Study/S5/[DSD] Digital System Design/The Project/Project Code/Try_2_fromGithub/clock_div_tb.vhd Line: 10
    Info (12023): Found entity 1: clock_div_tb File: C:/Users/dahom/Desktop/ABO/Study/S5/[DSD] Digital System Design/The Project/Project Code/Try_2_fromGithub/clock_div_tb.vhd Line: 6
Info (12127): Elaborating entity "top_level" for the top level hierarchy
Warning (10541): VHDL Signal Declaration warning at top_level.vhd(43): used implicit default value for signal "led3_dp" because signal was never assigned a value or an explicit default value. Use of implicit default value may introduce unintended design optimizations. File: C:/Users/dahom/Desktop/ABO/Study/S5/[DSD] Digital System Design/The Project/Project Code/Try_2_fromGithub/top_level.vhd Line: 43
Info (12129): Elaborating entity "spi_master" using architecture "A:fsm_1p" for hierarchy "spi_master:U_SPI_MASTER" File: C:/Users/dahom/Desktop/ABO/Study/S5/[DSD] Digital System Design/The Project/Project Code/Try_2_fromGithub/top_level.vhd Line: 83
Info (12128): Elaborating entity "clock_div" for hierarchy "spi_master:U_SPI_MASTER|clock_div:U_CLOCK_DIV" File: C:/Users/dahom/Desktop/ABO/Study/S5/[DSD] Digital System Design/The Project/Project Code/Try_2_fromGithub/spi_master.vhd Line: 67
Warning (10492): VHDL Process Statement warning at clock_div.vhd(37): signal "enable" is read inside the Process Statement but isn't in the Process Statement's sensitivity list File: C:/Users/dahom/Desktop/ABO/Study/S5/[DSD] Digital System Design/The Project/Project Code/Try_2_fromGithub/clock_div.vhd Line: 37
Warning (10492): VHDL Process Statement warning at clock_div.vhd(41): signal "polarity" is read inside the Process Statement but isn't in the Process Statement's sensitivity list File: C:/Users/dahom/Desktop/ABO/Study/S5/[DSD] Digital System Design/The Project/Project Code/Try_2_fromGithub/clock_div.vhd Line: 41
Info (12129): Elaborating entity "accel_driver" using architecture "A:fsm_1p" for hierarchy "accel_driver:U_ACCEL_DRIVER" File: C:/Users/dahom/Desktop/ABO/Study/S5/[DSD] Digital System Design/The Project/Project Code/Try_2_fromGithub/top_level.vhd Line: 122
Warning (10036): Verilog HDL or VHDL warning at accel_driver.vhd(46): object "regTest" assigned a value but never read File: C:/Users/dahom/Desktop/ABO/Study/S5/[DSD] Digital System Design/The Project/Project Code/Try_2_fromGithub/accel_driver.vhd Line: 46
Info (12128): Elaborating entity "decoder7seg" for hierarchy "decoder7seg:U_LED0" File: C:/Users/dahom/Desktop/ABO/Study/S5/[DSD] Digital System Design/The Project/Project Code/Try_2_fromGithub/top_level.vhd Line: 153
Info (13000): Registers with preset signals will power-up high File: C:/Users/dahom/Desktop/ABO/Study/S5/[DSD] Digital System Design/The Project/Project Code/Try_2_fromGithub/spi_master.vhd Line: 11
Info (13003): DEV_CLRn pin will set, and not reset, register with preset signal due to NOT Gate Push-Back
Warning (13024): Output pins are stuck at VCC or GND
    Warning (13410): Pin "led3_dp" is stuck at GND File: C:/Users/dahom/Desktop/ABO/Study/S5/[DSD] Digital System Design/The Project/Project Code/Try_2_fromGithub/top_level.vhd Line: 43
Info (286030): Timing-Driven Synthesis is running
Info (16010): Generating hard_block partition "hard_block:auto_generated_inst"
    Info (16011): Adding 0 node(s), including 0 DDIO, 0 PLL, 0 transceiver and 0 LCELL
Info (21057): Implemented 695 device resources after synthesis - the final resource count might be different
    Info (21058): Implemented 5 input pins
    Info (21059): Implemented 61 output pins
    Info (21061): Implemented 629 logic cells
Info: Quartus Prime Analysis & Synthesis was successful. 0 errors, 7 warnings
    Info: Peak virtual memory: 4785 megabytes
    Info: Processing ended: Sun Feb 21 21:26:30 2021
    Info: Elapsed time: 00:00:12
    Info: Total CPU time (on all processors): 00:00:22


